// Jest Snapshot v1, https://goo.gl/fbAQLP

exports[`renders without crashing 1`] = `
<RecoilRoot>
  <Batcher
    setNotifyBatcherOfChange={[Function]}
  />
  <ImagePicker>
    <label
      htmlFor="imagePicker"
    >
      <ForwardRef
        className="makeStyles-icon-2"
      >
        <WithStyles(ForwardRef(SvgIcon))
          className="makeStyles-icon-2"
        >
          <ForwardRef(SvgIcon)
            className="makeStyles-icon-2"
            classes={
              Object {
                "colorAction": "MuiSvgIcon-colorAction",
                "colorDisabled": "MuiSvgIcon-colorDisabled",
                "colorError": "MuiSvgIcon-colorError",
                "colorPrimary": "MuiSvgIcon-colorPrimary",
                "colorSecondary": "MuiSvgIcon-colorSecondary",
                "fontSizeInherit": "MuiSvgIcon-fontSizeInherit",
                "fontSizeLarge": "MuiSvgIcon-fontSizeLarge",
                "fontSizeSmall": "MuiSvgIcon-fontSizeSmall",
                "root": "MuiSvgIcon-root",
              }
            }
          >
            <svg
              aria-hidden={true}
              className="MuiSvgIcon-root makeStyles-icon-2"
              focusable="false"
              viewBox="0 0 24 24"
            >
              <path
                d="M21 19V5c0-1.1-.9-2-2-2H5c-1.1 0-2 .9-2 2v14c0 1.1.9 2 2 2h14c1.1 0 2-.9 2-2zM8.5 13.5l2.5 3.01L14.5 12l4.5 6H5l3.5-4.5z"
              />
            </svg>
          </ForwardRef(SvgIcon)>
        </WithStyles(ForwardRef(SvgIcon))>
      </ForwardRef>
    </label>
    <input
      accept=".jpg, .jpeg, .png"
      className="makeStyles-input-1"
      id="imagePicker"
      name="image"
      onChange={[Function]}
      type="file"
    />
  </ImagePicker>
</RecoilRoot>
`;
